<html>
<body>
<pre>
<h1>µVision Build Log</h1>
<h2>Project:</h2>
C:\Users\gabri\Desktop\automaty\automaty.uvproj
Project File Date:  06/24/2025

<h2>Output:</h2>
Rebuild target 'Target 1'
assembling Startup.s...
compiling keyboard.c...
compiling led.c...
compiling main.c...
linking...
Program Size: Code=1668 RO-data=32 RW-data=8 ZI-data=1256  
FromELF: creating hex file...
".\automaty.axf" - 0 Errors, 0 Warning(s).
Rebuild target 'Target 1'
assembling Startup.s...
compiling keyboard.c...
compiling led.c...
compiling main.c...
main.c(36): warning:  #223-D: function "KeyboardRead" declared implicitly
linking...
.\automaty.axf: Error: L6218E: Undefined symbol KeyboardRead (referred from main.o).
".\automaty.axf" - 1 Errors, 1 Warning(s).
Target not created
Rebuild target 'Target 1'
assembling Startup.s...
compiling keyboard.c...
compiling led.c...
compiling main.c...
main.c(36): warning:  #223-D: function "KeyboardRead" declared implicitly
linking...
.\automaty.axf: Error: L6218E: Undefined symbol KeyboardRead (referred from main.o).
".\automaty.axf" - 1 Errors, 1 Warning(s).
Target not created
Rebuild target 'Target 1'
assembling Startup.s...
compiling keyboard.c...
compiling led.c...
compiling main.c...
main.c(44): warning:  #223-D: function "KeyboardRead" declared implicitly
linking...
.\automaty.axf: Error: L6218E: Undefined symbol KeyboardRead (referred from main.o).
".\automaty.axf" - 1 Errors, 1 Warning(s).
Target not created
Rebuild target 'Target 1'
assembling Startup.s...
compiling keyboard.c...
compiling led.c...
compiling main.c...
main.c(44): warning:  #223-D: function "KeyboardRead" declared implicitly
linking...
.\automaty.axf: Error: L6218E: Undefined symbol KeyboardRead (referred from main.o).
".\automaty.axf" - 1 Errors, 1 Warning(s).
Target not created
Rebuild target 'Target 1'
assembling Startup.s...
compiling keyboard.c...
compiling led.c...
compiling main.c...
main.c(55): warning:  #223-D: function "KeyboardRead" declared implicitly
linking...
.\automaty.axf: Error: L6218E: Undefined symbol KeyboardRead (referred from main.o).
".\automaty.axf" - 1 Errors, 1 Warning(s).
Target not created
Rebuild target 'Target 1'
assembling Startup.s...
compiling keyboard.c...
compiling led.c...
compiling main.c...
main.c(55): warning:  #223-D: function "KeyboardRead" declared implicitly
linking...
.\automaty.axf: Error: L6218E: Undefined symbol KeyboardRead (referred from main.o).
".\automaty.axf" - 1 Errors, 1 Warning(s).
Target not created
Rebuild target 'Target 1'
assembling Startup.s...
compiling keyboard.c...
compiling led.c...
compiling main.c...
linking...
Program Size: Code=1668 RO-data=32 RW-data=8 ZI-data=1256  
FromELF: creating hex file...
".\automaty.axf" - 0 Errors, 0 Warning(s).
Rebuild target 'Target 1'
assembling Startup.s...
compiling keyboard.c...
compiling led.c...
compiling main.c...
linking...
Program Size: Code=1668 RO-data=32 RW-data=8 ZI-data=1256  
FromELF: creating hex file...
".\automaty.axf" - 0 Errors, 0 Warning(s).
Rebuild target 'Target 1'
assembling Startup.s...
compiling keyboard.c...
compiling led.c...
compiling main.c...
linking...
Program Size: Code=1572 RO-data=32 RW-data=4 ZI-data=1260  
FromELF: creating hex file...
".\automaty.axf" - 0 Errors, 0 Warning(s).
Rebuild target 'Target 1'
assembling Startup.s...
compiling keyboard.c...
compiling led.c...
compiling main.c...
linking...
Program Size: Code=1572 RO-data=32 RW-data=4 ZI-data=1260  
FromELF: creating hex file...
".\automaty.axf" - 0 Errors, 0 Warning(s).
Rebuild target 'Target 1'
assembling Startup.s...
compiling keyboard.c...
compiling led.c...
compiling main.c...
linking...
Program Size: Code=1572 RO-data=32 RW-data=4 ZI-data=1260  
FromELF: creating hex file...
".\automaty.axf" - 0 Errors, 0 Warning(s).
Rebuild target 'Target 1'
assembling Startup.s...
compiling keyboard.c...
compiling led.c...
compiling main.c...
linking...
Program Size: Code=1572 RO-data=32 RW-data=4 ZI-data=1260  
FromELF: creating hex file...
".\automaty.axf" - 0 Errors, 0 Warning(s).
Rebuild target 'Target 1'
assembling Startup.s...
compiling keyboard.c...
compiling led.c...
compiling main.c...
linking...
Program Size: Code=1572 RO-data=32 RW-data=4 ZI-data=1260  
FromELF: creating hex file...
".\automaty.axf" - 0 Errors, 0 Warning(s).
Rebuild target 'Target 1'
assembling Startup.s...
compiling keyboard.c...
compiling led.c...
compiling main.c...
linking...
Program Size: Code=1556 RO-data=32 RW-data=4 ZI-data=1260  
FromELF: creating hex file...
".\automaty.axf" - 0 Errors, 0 Warning(s).
Rebuild target 'Target 1'
assembling Startup.s...
compiling keyboard.c...
compiling led.c...
compiling main.c...
linking...
Program Size: Code=1556 RO-data=32 RW-data=4 ZI-data=1260  
FromELF: creating hex file...
".\automaty.axf" - 0 Errors, 0 Warning(s).
