<html>
<body>
<pre>
<h1>µVision Build Log</h1>
<h2>Project:</h2>
C:\Users\gabri\Desktop\git-zaliczenie\Nowy folder\lancuchy.uvproj
Project File Date:  05/19/2025

<h2>Output:</h2>
Rebuild target 'Target 1'
assembling Startup.s...
linking...
.\lancuchy.axf: Warning: L6665W: Neither Lib$$Request$$armlib Lib$$Request$$cpplib defined, not searching ARM libraries.
.\lancuchy.axf: Error: L6411E: No compatible library exists with a definition of startup symbol __main.
".\lancuchy.axf" - 1 Errors, 1 Warning(s).
Target not created
Rebuild target 'Target 1'
assembling Startup.s...
linking...
.\lancuchy.axf: Warning: L6665W: Neither Lib$$Request$$armlib Lib$$Request$$cpplib defined, not searching ARM libraries.
.\lancuchy.axf: Error: L6411E: No compatible library exists with a definition of startup symbol __main.
".\lancuchy.axf" - 1 Errors, 1 Warning(s).
Target not created
Rebuild target 'Target 1'
assembling Startup.s...
compiling main.c...
main.c(62): warning:  #177-D: variable "cOldChar" was declared but never referenced
main.c(63): warning:  #177-D: variable "cNewChar" was declared but never referenced
linking...
Program Size: Code=752 RO-data=16 RW-data=0 ZI-data=1256  
".\lancuchy.axf" - 0 Errors, 2 Warning(s).
Rebuild target 'Target 1'
assembling Startup.s...
compiling main.c...
main.c(62): warning:  #177-D: variable "cOldChar" was declared but never referenced
main.c(63): warning:  #177-D: variable "cNewChar" was declared but never referenced
linking...
Program Size: Code=752 RO-data=16 RW-data=0 ZI-data=1256  
".\lancuchy.axf" - 0 Errors, 2 Warning(s).
Rebuild target 'Target 1'
assembling Startup.s...
compiling main.c...
linking...
Program Size: Code=712 RO-data=16 RW-data=0 ZI-data=1256  
".\lancuchy.axf" - 0 Errors, 0 Warning(s).
