<html>
<body>
<pre>
<h1>µVision Build Log</h1>
<h2>Project:</h2>
C:\Users\gabri\Desktop\Przerwania\Przerwania.uvproj
Project File Date:  05/26/2024

<h2>Output:</h2>
Rebuild target 'Target 1'
assembling Startup.s...
compiling main.c...
compiling timer.c...
compiling led.c...
compiling timer_interrupts.c...
compiling keyboard.c...
linking...
Program Size: Code=1556 RO-data=32 RW-data=12 ZI-data=1260  
FromELF: creating hex file...
".\Objects\Przerwania.axf" - 0 Errors, 0 Warning(s).
