<html>
<body>
<pre>
<h1>µVision Build Log</h1>
<h2>Project:</h2>
C:\Users\gabri\Desktop\Timer\Timer.uvproj
Project File Date:  05/28/2024

<h2>Output:</h2>
Rebuild target 'Target 1'
assembling Startup.s...
compiling main.c...
compiling led.c...
compiling timer.c...
linking...
Program Size: Code=1216 RO-data=32 RW-data=4 ZI-data=1260  
FromELF: creating hex file...
".\Objects\Timer.axf" - 0 Errors, 0 Warning(s).
Rebuild target 'Target 1'
assembling Startup.s...
compiling main.c...
compiling led.c...
compiling timer.c...
linking...
Program Size: Code=1216 RO-data=32 RW-data=4 ZI-data=1260  
FromELF: creating hex file...
".\Objects\Timer.axf" - 0 Errors, 0 Warning(s).
